[2026-02-15 23:29:50] ABSENCE
[2026-02-15 23:29:50] ABSENCE
[2026-02-15 23:29:50] BREATHING
[2026-02-15 23:32:26] BREATHING
[2026-02-15 23:32:37] BREATHING
[2026-02-15 23:33:10] BREATHING
[2026-02-15 23:33:54] BREATHING
[2026-02-15 23:41:52] BREATHING
[2026-02-15 23:48:55] BREATHING
[2026-02-15 23:55:36] BREATHING
[2026-02-15 23:55:54] BREATHING
[2026-02-15 23:57:56] BREATHING
[2026-02-15 23:58:25] BREATHING
[2026-02-15 23:58:35] BREATHING
[2026-02-16 00:11:07] BREATHING
[2026-02-16 00:11:50] BREATHING
[2026-02-16 00:12:00] NO_FACE
[2026-02-16 00:12:09] NO_FACE
[2026-02-16 00:12:17] NO_FACE
[2026-02-16 00:12:35] BREATHING
[2026-02-16 00:15:09] BREATHING
[2026-02-16 00:16:03] BREATHING
[2026-02-16 00:19:45] BREATHING
[2026-02-16 00:19:48] BREATHING
[2026-02-16 00:19:52] BREATHING
[2026-02-16 00:20:27] NO_FACE
[2026-02-16 00:20:31] NO_FACE
[2026-02-16 00:20:34] NO_FACE
[2026-02-16 00:20:38] NO_FACE
[2026-02-16 00:21:08] NO_FACE
[2026-02-16 00:21:12] NO_FACE
[2026-02-16 00:21:15] NO_FACE
[2026-02-16 00:34:23] FACE_NOT_VISIBLE
[2026-02-16 00:34:26] BREATHING_DETECTED
[2026-02-16 00:34:30] SILENCE
[2026-02-16 00:34:33] FACE_NOT_VISIBLE
[2026-02-16 00:34:37] FACE_NOT_VISIBLE
[2026-02-16 00:34:40] SILENCE
[2026-02-16 00:34:44] FACE_NOT_VISIBLE
[2026-02-16 00:34:48] FACE_NOT_VISIBLE
[2026-02-16 00:34:51] FACE_NOT_VISIBLE
[2026-02-16 00:34:55] FACE_NOT_VISIBLE
[2026-02-16 00:34:58] FACE_NOT_VISIBLE
[2026-02-16 00:35:02] FACE_NOT_VISIBLE
[2026-02-16 00:35:05] SILENCE
[2026-02-16 00:35:09] BREATHING_DETECTED
[2026-02-16 00:35:12] SILENCE
[2026-02-16 00:35:16] SILENCE
[2026-02-16 00:35:20] SILENCE
[2026-02-16 00:35:23] SILENCE
[2026-02-16 00:35:27] FACE_NOT_VISIBLE
[2026-02-16 00:35:30] BREATHING_DETECTED
[2026-02-16 00:35:34] SILENCE
[2026-02-16 00:35:37] BREATHING_DETECTED
[2026-02-16 00:35:41] BREATHING_DETECTED
[2026-02-16 00:35:45] SILENCE
[2026-02-16 00:35:48] SILENCE
[2026-02-16 00:35:52] SILENCE
[2026-02-16 00:35:56] BREATHING_DETECTED
[2026-02-16 00:35:59] SILENCE
[2026-02-16 00:36:03] SILENCE
[2026-02-16 00:36:06] BREATHING_DETECTED
[2026-02-16 00:36:10] BREATHING_DETECTED
[2026-02-16 00:36:14] SILENCE
[2026-02-16 00:36:17] SILENCE
[2026-02-16 00:36:21] SILENCE
[2026-02-16 00:36:25] SILENCE
[2026-02-16 00:36:28] SILENCE
[2026-02-16 00:36:32] SILENCE
[2026-02-16 00:36:36] SILENCE
[2026-02-16 00:36:39] SILENCE
[2026-02-16 00:36:43] SILENCE
[2026-02-16 00:36:47] SILENCE
[2026-02-16 00:36:50] BREATHING_DETECTED
[2026-02-16 00:46:22] SILENCE
[2026-02-16 00:46:25] BREATHING_DETECTED
[2026-02-16 00:46:29] SILENCE
[2026-02-16 00:46:32] SILENCE
[2026-02-16 00:46:36] BREATHING_DETECTED
[2026-02-16 00:46:39] BREATHING_DETECTED
[2026-02-16 00:46:43] SILENCE
[2026-02-16 00:46:46] SILENCE
[2026-02-16 00:46:50] BREATHING_DETECTED
[2026-02-16 00:46:54] SILENCE
[2026-02-16 00:46:57] SILENCE
[2026-02-16 00:47:01] SILENCE
[2026-02-16 00:47:04] SILENCE
[2026-02-16 00:47:08] FACE_NOT_VISIBLE
[2026-02-16 00:47:11] SILENCE
[2026-02-16 00:47:15] FACE_NOT_VISIBLE
[2026-02-16 00:47:18] SILENCE
[2026-02-16 00:47:22] FACE_NOT_VISIBLE
[2026-02-16 00:47:26] SILENCE
[2026-02-16 00:47:29] SILENCE
[2026-02-16 00:47:33] SILENCE
[2026-02-16 00:47:36] FACE_NOT_VISIBLE
[2026-02-16 00:47:40] SILENCE
[2026-02-16 00:47:44] BREATHING_DETECTED
[2026-02-16 00:47:47] BREATHING_DETECTED
[2026-02-16 00:47:51] SILENCE
[2026-02-16 00:47:54] SILENCE
[2026-02-16 00:47:58] FACE_NOT_VISIBLE
[2026-02-16 00:48:02] FACE_NOT_VISIBLE
[2026-02-16 00:48:05] FACE_NOT_VISIBLE
[2026-02-16 00:48:09] FACE_NOT_VISIBLE
[2026-02-16 00:48:12] FACE_NOT_VISIBLE
[2026-02-16 00:48:16] FACE_NOT_VISIBLE
[2026-02-16 00:48:19] SILENCE
[2026-02-16 01:01:35] SILENCE
[2026-02-16 01:01:39] FACE_NOT_VISIBLE
[2026-02-16 01:01:43] SILENCE
[2026-02-16 01:01:46] FACE_NOT_VISIBLE
[2026-02-16 01:01:50] FACE_NOT_VISIBLE
[2026-02-16 01:01:54] SILENCE
[2026-02-16 01:01:58] BREATHING_DETECTED
[2026-02-16 01:02:01] SILENCE
[2026-02-16 01:02:05] SILENCE
[2026-02-16 01:02:09] BREATHING_DETECTED
[2026-02-16 01:02:12] SILENCE
[2026-02-16 01:02:16] SILENCE
[2026-02-16 01:04:16] SILENCE
[2026-02-16 01:04:19] FACE_NOT_VISIBLE
[2026-02-16 01:04:23] BREATHING_DETECTED
[2026-02-16 01:04:27] BREATHING_DETECTED
[2026-02-16 01:04:30] SILENCE
[2026-02-16 01:04:34] FACE_NOT_VISIBLE
[2026-02-16 01:04:38] SILENCE
[2026-02-16 01:04:41] SILENCE
[2026-02-16 01:04:45] SILENCE
[2026-02-16 01:04:49] SILENCE
[2026-02-16 18:59:40] FACE_NOT_VISIBLE
[2026-02-16 18:59:41] SILENCE
[2026-02-16 18:59:41] SILENCE
[2026-02-16 18:59:44] BREATHING_DETECTED
[2026-02-16 18:59:48] BREATHING_DETECTED
[2026-02-16 18:59:51] FACE_NOT_VISIBLE
[2026-02-16 18:59:55] SILENCE
[2026-02-16 18:59:59] BREATHING_DETECTED
[2026-02-16 19:00:03] SILENCE
[2026-02-16 19:00:06] BREATHING_DETECTED
[2026-02-16 19:00:10] SILENCE
[2026-02-16 19:00:14] BREATHING_DETECTED
[2026-02-16 19:00:18] BREATHING_DETECTED
[2026-02-16 19:00:21] BREATHING_DETECTED
[2026-02-16 19:00:25] BREATHING_DETECTED
[2026-02-16 19:00:29] BREATHING_DETECTED
[2026-02-16 19:00:32] BREATHING_DETECTED
[2026-02-16 19:00:36] BREATHING_DETECTED
[2026-02-16 19:00:40] SILENCE
[2026-02-16 19:44:30] BREATHING_DETECTED
[2026-02-16 19:44:34] SILENCE
[2026-02-16 19:44:37] BREATHING_DETECTED
[2026-02-16 19:44:41] SILENCE
[2026-02-16 19:44:45] SILENCE
[2026-02-16 19:44:48] FACE_NOT_VISIBLE
[2026-02-16 19:44:52] SILENCE
[2026-02-16 19:44:56] SILENCE
[2026-02-16 19:44:59] SILENCE
[2026-02-16 19:45:03] SILENCE
[2026-02-16 19:45:07] SILENCE
[2026-02-16 19:45:11] SILENCE
[2026-02-16 19:45:14] SILENCE
[2026-02-16 19:45:18] BREATHING_DETECTED
[2026-02-16 19:45:21] SILENCE
[2026-02-16 19:45:25] BREATHING_DETECTED
[2026-02-16 19:45:29] BREATHING_DETECTED
[2026-02-16 19:50:51] SILENCE
[2026-02-16 19:50:55] FACE_NOT_VISIBLE
[2026-02-16 19:50:59] FACE_NOT_VISIBLE
[2026-02-16 19:51:02] BREATHING_DETECTED
[2026-02-16 19:51:07] SILENCE
[2026-02-16 19:51:10] BREATHING_DETECTED
[2026-02-16 19:51:14] SILENCE
[2026-02-16 19:51:18] SILENCE
[2026-02-16 19:51:21] FACE_NOT_VISIBLE
[2026-02-16 19:51:25] FACE_NOT_VISIBLE
[2026-02-16 19:51:29] FACE_NOT_VISIBLE
[2026-02-16 19:51:32] FACE_NOT_VISIBLE
[2026-02-16 19:51:36] BREATHING_DETECTED
[2026-02-16 19:53:54] FACE_NOT_VISIBLE
[2026-02-16 19:53:58] SILENCE
[2026-02-16 19:54:01] FACE_NOT_VISIBLE
[2026-02-16 19:54:05] SILENCE
[2026-02-16 19:54:08] SILENCE
[2026-02-16 19:54:12] BREATHING_DETECTED
[2026-02-16 19:54:16] SILENCE
[2026-02-16 19:54:19] FACE_NOT_VISIBLE
[2026-02-16 19:54:23] BREATHING_DETECTED
[2026-02-16 19:54:26] BREATHING_DETECTED
[2026-02-16 19:54:30] BREATHING_DETECTED
[2026-02-16 19:54:33] BREATHING_DETECTED
[2026-02-16 19:54:37] SILENCE
[2026-02-16 19:54:41] SILENCE
[2026-02-16 19:54:44] SILENCE
[2026-02-16 19:54:48] FACE_NOT_VISIBLE
[2026-02-16 19:54:51] FACE_NOT_VISIBLE
[2026-02-16 19:54:55] FACE_NOT_VISIBLE
[2026-02-16 19:54:59] FACE_NOT_VISIBLE
[2026-02-16 19:55:02] FACE_NOT_VISIBLE
[2026-02-16 19:55:06] FACE_NOT_VISIBLE
[2026-02-16 19:55:09] FACE_NOT_VISIBLE
[2026-02-16 19:55:13] FACE_NOT_VISIBLE
[2026-02-16 19:55:16] FACE_NOT_VISIBLE
[2026-02-16 19:55:20] FACE_NOT_VISIBLE
[2026-02-16 19:55:23] FACE_NOT_VISIBLE
[2026-02-16 19:55:27] SILENCE
[2026-02-16 19:55:31] SILENCE
[2026-02-16 19:55:34] SILENCE
[2026-02-16 19:59:33] FACE_NOT_VISIBLE
[2026-02-16 19:59:37] FACE_NOT_VISIBLE
[2026-02-16 19:59:40] SILENCE
[2026-02-16 19:59:44] SILENCE
[2026-02-16 19:59:47] SILENCE
[2026-02-16 19:59:51] FACE_NOT_VISIBLE
[2026-02-16 19:59:55] SILENCE
[2026-02-16 19:59:58] SILENCE
[2026-02-16 20:00:02] SILENCE
[2026-02-16 20:00:05] SILENCE
[2026-02-16 20:00:09] SILENCE
[2026-02-16 20:00:13] FACE_NOT_VISIBLE
[2026-02-16 20:00:16] SILENCE
[2026-02-16 20:00:20] FACE_NOT_VISIBLE
[2026-02-16 20:00:23] SILENCE
[2026-02-16 20:00:27] FACE_NOT_VISIBLE
[2026-02-16 20:00:31] SILENCE
[2026-02-16 20:00:34] SILENCE
[2026-02-16 20:00:38] SILENCE
[2026-02-16 20:00:41] SILENCE
[2026-02-16 20:00:45] SILENCE
[2026-02-16 20:00:48] SILENCE
[2026-02-16 20:00:52] SILENCE
[2026-02-16 20:05:30] BREATHING_DETECTED
[2026-02-16 20:06:06] SILENCE
[2026-02-16 20:06:10] SILENCE
[2026-02-16 20:06:14] BREATHING_DETECTED
[2026-02-16 20:06:17] SILENCE
[2026-02-16 20:06:21] BREATHING_DETECTED
[2026-02-16 20:06:25] SILENCE
[2026-02-16 20:06:28] SILENCE
[2026-02-16 20:06:32] BREATHING_DETECTED
[2026-02-16 20:06:35] BREATHING_DETECTED
[2026-02-16 20:06:39] BREATHING_DETECTED
[2026-02-16 20:06:43] BREATHING_DETECTED
[2026-02-16 20:06:46] BREATHING_DETECTED
[2026-02-16 20:08:32] SILENCE
[2026-02-16 20:08:36] SILENCE
[2026-02-16 20:08:39] BREATHING_DETECTED
[2026-02-16 20:08:43] SILENCE
[2026-02-16 20:08:47] BREATHING_DETECTED
[2026-02-16 20:08:50] BREATHING_DETECTED
[2026-02-16 20:08:54] SILENCE
[2026-02-16 20:08:57] BREATHING_DETECTED
[2026-02-16 20:09:01] BREATHING_DETECTED
[2026-02-16 20:09:05] SILENCE
[2026-02-16 20:09:08] FACE_NOT_VISIBLE
[2026-02-16 20:09:12] BREATHING_DETECTED
[2026-02-16 20:11:03] FACE_NOT_VISIBLE
[2026-02-16 20:11:06] FACE_NOT_VISIBLE
[2026-02-16 20:11:10] SILENCE
[2026-02-16 20:11:14] SILENCE
[2026-02-16 20:11:17] FACE_NOT_VISIBLE
[2026-02-16 20:11:21] SILENCE
[2026-02-16 20:11:24] FACE_NOT_VISIBLE
[2026-02-16 20:11:28] FACE_NOT_VISIBLE
[2026-02-16 20:11:31] FACE_NOT_VISIBLE
[2026-02-16 20:11:35] FACE_NOT_VISIBLE
[2026-02-16 20:11:38] SILENCE
[2026-02-16 20:11:42] BREATHING_DETECTED
[2026-02-16 20:11:46] BREATHING_DETECTED
[2026-02-16 20:11:49] BREATHING_DETECTED
[2026-02-16 20:11:53] BREATHING_DETECTED
[2026-02-16 20:11:56] BREATHING_DETECTED
[2026-02-16 20:12:00] BREATHING_DETECTED
[2026-02-16 20:21:00] BREATHING_DETECTED
[2026-02-16 20:21:03] SILENCE
[2026-02-16 20:21:07] SILENCE
[2026-02-16 20:21:10] SILENCE
[2026-02-16 20:21:14] SILENCE
[2026-02-16 20:21:18] BREATHING_DETECTED
[2026-02-16 20:21:21] BREATHING_DETECTED
[2026-02-16 20:21:25] SILENCE
[2026-02-16 20:21:28] SILENCE
[2026-02-16 20:21:32] SILENCE
[2026-02-16 20:21:36] BREATHING_DETECTED
[2026-02-16 20:21:39] FACE_NOT_VISIBLE
[2026-02-16 20:21:43] BREATHING_DETECTED
[2026-02-16 20:21:46] SILENCE
[2026-02-16 20:21:50] BREATHING_DETECTED
[2026-02-16 20:21:54] BREATHING_DETECTED
[2026-02-16 20:21:57] BREATHING_DETECTED
[2026-02-16 20:22:01] SILENCE
[2026-02-16 20:22:04] BREATHING_DETECTED
[2026-02-16 20:22:08] SILENCE
[2026-02-16 20:22:12] SILENCE
[2026-02-16 20:22:15] SILENCE
[2026-02-16 20:22:19] BREATHING_DETECTED
[2026-02-16 20:22:22] SILENCE
[2026-02-16 20:22:26] SILENCE
[2026-02-16 20:22:29] SILENCE
[2026-02-16 20:22:33] FACE_NOT_VISIBLE
[2026-02-16 20:22:37] SILENCE
[2026-02-16 20:22:40] BREATHING_DETECTED
[2026-02-16 20:27:07] BREATHING_DETECTED
[2026-02-16 20:27:09] FACE_NOT_VISIBLE
[2026-02-16 20:27:11] BREATHING_DETECTED
[2026-02-16 20:27:23] SILENCE
[2026-02-16 20:27:26] SILENCE
[2026-02-16 20:27:30] SILENCE
[2026-02-16 20:27:33] SILENCE
[2026-02-16 20:27:37] SILENCE
[2026-02-16 20:27:41] FACE_NOT_VISIBLE
[2026-02-16 20:27:44] SILENCE
[2026-02-16 20:27:48] SILENCE
[2026-02-16 20:27:51] SILENCE
[2026-02-16 20:27:55] BREATHING_DETECTED
[2026-02-16 20:27:59] SILENCE
[2026-02-16 20:28:02] SILENCE
[2026-02-16 20:28:06] SILENCE
[2026-02-16 20:28:09] BREATHING_DETECTED
[2026-02-16 20:28:13] SILENCE
[2026-02-16 20:28:16] BREATHING_DETECTED
